Circuit: * C:\Users\pig\Documents\ee308\lab1\output amplifier.asc

Warning: Multiple definitions of model "2scr375p" Type: BJT
Warning: Multiple definitions of model "bc857b" Type: BJT
Warning: Multiple definitions of model "bc847c" Type: BJT
Warning: Multiple definitions of model "bc847b" Type: BJT
WARNING: Node N003 is floating.
WARNING: Node N021 is floating.

WARNING: Less than two connections to node N003.  This node is used by C2.
WARNING: Less than two connections to node N021.  This node is used by C3.
Direct Newton iteration for .op point succeeded.

v_peak: MAX(v(out))=0.110558 FROM 0 TO 1e-007
v_final: AVG(v(out))=0.113475 FROM 2e-007 TO 4e-007
v_initial: AVG(v(out))=-0.0743041 FROM 8e-007 TO 1e-006
overshoot: (v_peak-v_final)/(v_final-v_initial)*100=-1.5536
avg_val: AVG(v(out))=0.0199051 FROM 0 TO 2e-006


Date: Tue Jun 02 14:42:31 2026
Total elapsed time: 0.121 seconds.

tnom = 27
temp = 27
method = modified trap
totiter = 6137
traniter = 6129
tranpoints = 2986
accept = 2515
rejected = 471
matrix size = 44
fillins = 36
solver = Normal
Matrix Compiler1: 4.62 KB object code size  1.1/0.6/[0.3]
Matrix Compiler2: 4.27 KB object code size  0.5/0.7/[0.3]

