Circuit: * C:\Users\pig\Documents\ee308\lab2\schmitt trigger.asc

Warning: Multiple definitions of model "2scr375p" Type: BJT
Warning: Multiple definitions of model "bc857b" Type: BJT
Warning: Multiple definitions of model "bc847c" Type: BJT
Warning: Multiple definitions of model "bc847b" Type: BJT
Direct Newton iteration for .op point succeeded.

Date: Tue Jun 02 15:13:31 2026
Total elapsed time: 0.082 seconds.

tnom = 27
temp = 27
method = modified trap
totiter = 13335
traniter = 13318
tranpoints = 4424
accept = 3277
rejected = 1147
matrix size = 53
fillins = 38
solver = Normal
Matrix Compiler1: 5.42 KB object code size  0.7/0.4/[0.2]
Matrix Compiler2: 5.07 KB object code size  0.3/0.4/[0.3]

