Circuit: * C:\Users\pig\Documents\ee308\lab3\Draft1.asc

Warning: Multiple definitions of model "2scr375p" Type: BJT
Warning: Multiple definitions of model "bc857b" Type: BJT
Warning: Multiple definitions of model "bc847c" Type: BJT
Warning: Multiple definitions of model "bc847b" Type: BJT
Direct Newton iteration for .op point succeeded.
N-Period=1
Fourier components of V(out)
DC component:11.8952

Harmonic	Frequency	 Fourier 	Normalized	 Phase  	Normalized
 Number 	  [Hz]   	Component	 Component	[degree]	Phase [deg]
    1   	2.000e+06	9.689e-02	1.000e+00	  -96.48°	    0.00°
    2   	4.000e+06	1.908e-03	1.969e-02	  129.18°	  225.66°
    3   	6.000e+06	4.719e-04	4.870e-03	  -43.56°	   52.93°
    4   	8.000e+06	3.507e-04	3.619e-03	   65.15°	  161.63°
    5   	1.000e+07	4.608e-04	4.756e-03	    5.89°	  102.37°
    6   	1.200e+07	1.769e-04	1.826e-03	  -27.81°	   68.67°
    7   	1.400e+07	2.059e-04	2.125e-03	  -60.01°	   36.48°
    8   	1.600e+07	8.842e-05	9.125e-04	  -56.13°	   40.35°
    9   	1.800e+07	1.493e-04	1.540e-03	  -96.91°	   -0.42°
Total Harmonic Distortion: 2.140338%(2.147762%)



Date: Mon May 25 17:03:34 2026
Total elapsed time: 0.082 seconds.

tnom = 27
temp = 27
method = modified trap
totiter = 22921
traniter = 22913
tranpoints = 10134
accept = 8439
rejected = 1695
matrix size = 31
fillins = 10
solver = Normal
Matrix Compiler1: 2.51 KB object code size  0.4/0.2/[0.2]
Matrix Compiler2: 2.76 KB object code size  0.2/0.3/[0.2]

