Circuit: * C:\Users\pig\Documents\ee308\lab3\integrator.asc

Warning: Multiple definitions of model "2scr375p" Type: BJT
Warning: Multiple definitions of model "bc857b" Type: BJT
Warning: Multiple definitions of model "bc847c" Type: BJT
Warning: Multiple definitions of model "bc847b" Type: BJT
WARNING: Node NC_02 is floating.
WARNING: Node NC_03 is floating.

WARNING: Less than two connections to node NC_01.  This node is used by J1.
WARNING: Less than two connections to node NC_02.  This node is used by J1.
WARNING: Less than two connections to node NC_03.  This node is used by J1.
Direct Newton iteration for .op point skipped.
Starting Gmin stepping
Gmin = 10
Gmin = 1.07374
vernier = 0.5
vernier = 0.25
vernier = 0.125
vernier = 0.0625
Gmin = 1.08884
vernier = 0.03125
vernier = 0.015625
Gmin = 1.03122
vernier = 0.0078125
vernier = 0.00390625
Gmin = 1.01823
vernier = 0.00520833
vernier = 0.00260417
Gmin = 1.01162
vernier = 0.00347222
vernier = 0.00173611
vernier = 0.000868055
Gmin = 1.00899
vernier = 0.00115741
vernier = 0.000578703
Gmin = 1.0071
vernier = 0.000771604
vernier = 0.000578703
Gmin = 1.00579
vernier = 0.000771604
vernier = 0.000578703
vernier = 0.000434027
Gmin = 1.00499
vernier = 0.000578703
vernier = 0.000434027
Gmin = 0
Gmin stepping failed

Starting source stepping with srcstepmethod=0
Source Step = 3.0303%
Source Step = 33.3333%
Source Step = 63.6364%
Source Step = 93.9394%
Source Step = 93.9542%
Source Step = 93.9838%
Source Step = 94.0134%
Source Step = 94.043%
Source Step = 94.0726%
vernier = 0.00146484
Source Step = 94.1066%
Source Step = 94.151%
Source Step = 94.1954%
Source Step = 94.2398%
Source Step = 94.2842%
vernier = 0.00219727
Source Step = 94.333%
Source Step = 94.3996%
Source Step = 94.4661%
Source Step = 94.5327%
Source Step = 94.5993%
vernier = 0.0032959
Source Step = 94.6692%
Source Step = 94.7691%
Source Step = 94.869%
Source Step = 94.9689%
Source Step = 95.0687%
Source Step = 95.1686%
vernier = 0.00494385
Source Step = 95.3184%
Source Step = 95.4682%
Source Step = 95.618%
Source Step = 95.7679%
Source Step = 95.9177%
vernier = 0.00741577
Source Step = 96.1349%
Source Step = 96.3596%
Source Step = 96.5843%
Source Step = 96.8091%
Source Step = 97.0338%
vernier = 0.0111237
Source Step = 97.3484%
Source Step = 97.6855%
Source Step = 98.0226%
Source Step = 98.3596%
Source Step = 98.6967%
vernier = 0.0166855
Source Step = 99.1518%
Source Step = 99.6574%
Source stepping succeeded in finding the operating point.


t1: time=8.92593e-008 at 8.92593e-008
t2: time=5.89269e-007 at 5.89269e-007
frequency: 1/(t2-t1)=1.99996e+006


Date: Sun May 10 18:41:59 2026
Total elapsed time: 0.406 seconds.

tnom = 27
temp = 27
method = modified trap
totiter = 25271
traniter = 16737
tranpoints = 4667
accept = 3672
rejected = 995
matrix size = 81
fillins = 119
solver = Normal
Matrix Compiler1: 10.33 KB object code size  1.7/0.9/[0.5]
Matrix Compiler2: off  [0.5]/0.7/0.6

